# serializer version: 1
# name: test_monitor
  list([
    list([
      dict({
        'event_id': 'event_id',
        'sent_at': 'sent_at',
        'trace': dict({
          'environment': 'environment',
          'public_key': 'u',
          'release': 'release',
          'sample_rate': '1.0',
          'trace_id': 'trace_id',
        }),
      }),
      dict({
        'content_type': 'application/json',
        'length': 'length',
        'type': 'check_in',
      }),
      dict({
        'check_in_id': 'check_in_id',
        'contexts': dict({
          'trace': dict({
            'parent_span_id': None,
            'span_id': 'span_id',
            'trace_id': 'trace_id',
          }),
        }),
        'duration': 'duration',
        'environment': 'environment',
        'event_id': 'event_id',
        'monitor_config': dict({
          'schedule': dict({
            'type': 'crontab',
            'value': '*/5 * * * *',
          }),
        }),
        'monitor_slug': 'sentry_gha-w4',
        'platform': 'python',
        'release': 'release',
        'sdk': dict({
          'integrations': list([
            'argv',
            'atexit',
            'dedupe',
            'excepthook',
            'logging',
            'modules',
            'stdlib',
            'threading',
          ]),
          'name': 'sentry.python',
          'packages': list([
            dict({
              'name': 'pypi:sentry-sdk',
              'version': 'version',
            }),
          ]),
          'version': 'version',
        }),
        'server_name': 'server_name',
        'status': 'in_progress',
        'timestamp': 'timestamp',
        'type': 'check_in',
      }),
    ]),
    list([
      dict({
        'event_id': 'event_id',
        'sent_at': 'sent_at',
        'trace': dict({
          'environment': 'environment',
          'public_key': 'u',
          'release': 'release',
          'sample_rand': 'sample_rand',
          'sample_rate': '1.0',
          'sampled': 'true',
          'trace_id': 'trace_id',
          'transaction': 'test_main.make_subject.<locals>.my_function',
        }),
      }),
      dict({
        'content_type': 'application/json',
        'length': 'length',
        'type': 'transaction',
      }),
      dict({
        'contexts': dict({
          'runtime': dict({
            'build': 'build',
            'name': 'CPython',
            'version': 'version',
          }),
          'trace': dict({
            'data': dict({
              'thread.id': 'thread.id',
              'thread.name': 'MainThread',
            }),
            'description': None,
            'op': 'task',
            'origin': 'manual',
            'parent_span_id': None,
            'span_id': 'span_id',
            'trace_id': 'trace_id',
          }),
        }),
        'environment': 'environment',
        'event_id': 'event_id',
        'extra': dict({
          'sys.argv': 'sys.argv',
        }),
        'measurements': dict({
        }),
        'platform': 'python',
        'release': 'release',
        'sdk': dict({
          'integrations': list([
            'argv',
            'atexit',
            'dedupe',
            'excepthook',
            'logging',
            'modules',
            'stdlib',
            'threading',
          ]),
          'name': 'sentry.python',
          'packages': list([
            dict({
              'name': 'pypi:sentry-sdk',
              'version': 'version',
            }),
          ]),
          'version': 'version',
        }),
        'server_name': 'server_name',
        'spans': list([
        ]),
        'start_timestamp': 'start_timestamp',
        'tags': dict({
          'GITHUB_REF_NAME': 'GITHUB_REF_NAME',
        }),
        'timestamp': 'timestamp',
        'transaction': 'test_main.make_subject.<locals>.my_function',
        'transaction_info': dict({
          'source': 'custom',
        }),
        'type': 'transaction',
      }),
    ]),
    list([
      dict({
        'event_id': 'event_id',
        'sent_at': 'sent_at',
        'trace': dict({
          'environment': 'environment',
          'public_key': 'u',
          'release': 'release',
          'sample_rate': '1.0',
          'trace_id': 'trace_id',
        }),
      }),
      dict({
        'content_type': 'application/json',
        'length': 'length',
        'type': 'check_in',
      }),
      dict({
        'check_in_id': 'check_in_id',
        'contexts': dict({
          'trace': dict({
            'parent_span_id': None,
            'span_id': 'span_id',
            'trace_id': 'trace_id',
          }),
        }),
        'duration': 'duration',
        'environment': 'environment',
        'event_id': 'event_id',
        'monitor_config': dict({
          'schedule': dict({
            'type': 'crontab',
            'value': '*/5 * * * *',
          }),
        }),
        'monitor_slug': 'sentry_gha-w4',
        'platform': 'python',
        'release': 'release',
        'sdk': dict({
          'integrations': list([
            'argv',
            'atexit',
            'dedupe',
            'excepthook',
            'logging',
            'modules',
            'stdlib',
            'threading',
          ]),
          'name': 'sentry.python',
          'packages': list([
            dict({
              'name': 'pypi:sentry-sdk',
              'version': 'version',
            }),
          ]),
          'version': 'version',
        }),
        'server_name': 'server_name',
        'status': 'ok',
        'timestamp': 'timestamp',
        'type': 'check_in',
      }),
    ]),
  ])
# ---
