# serializer version: 1
# name: test_monitor
  list([
    list([
      dict({
        'event_id': 'event_id',
        'sent_at': 'sent_at',
        'trace': dict({
          'environment': 'development',
          'public_key': 'u',
          'release': 'unknown',
          'sample_rate': '1.0',
          'trace_id': 'trace_id',
        }),
      }),
      dict({
        'content_type': 'application/json',
        'length': 716,
        'type': 'check_in',
      }),
      dict({
        'check_in_id': 'check_in_id',
        'contexts': dict({
          'trace': dict({
            'parent_span_id': None,
            'span_id': 'span_id',
            'trace_id': 'trace_id',
          }),
        }),
        'duration': 'duration',
        'environment': 'development',
        'event_id': 'event_id',
        'monitor_config': dict({
          'schedule': dict({
            'type': 'crontab',
            'value': '*/5 * * * *',
          }),
        }),
        'monitor_slug': 'sentry_gha-w4',
        'platform': 'python',
        'release': 'unknown',
        'sdk': dict({
          'integrations': list([
            'argv',
            'atexit',
            'dedupe',
            'excepthook',
            'logging',
            'modules',
            'stdlib',
            'threading',
          ]),
          'name': 'sentry.python',
          'packages': list([
            dict({
              'name': 'pypi:sentry-sdk',
              'version': '2.44.0',
            }),
          ]),
          'version': '2.44.0',
        }),
        'server_name': 'localhost',
        'status': 'in_progress',
        'timestamp': 'timestamp',
        'type': 'check_in',
      }),
    ]),
    list([
      dict({
        'event_id': 'event_id',
        'sent_at': 'sent_at',
        'trace': dict({
          'environment': 'development',
          'public_key': 'u',
          'release': 'unknown',
          'sample_rand': '0.864882',
          'sample_rate': '1.0',
          'sampled': 'true',
          'trace_id': 'trace_id',
          'transaction': 'test_main.make_subject.<locals>.my_function',
        }),
      }),
      dict({
        'content_type': 'application/json',
        'length': 1133,
        'type': 'transaction',
      }),
      dict({
        'contexts': dict({
          'runtime': dict({
            'build': '3.12.12 (main, Oct 18 2025, 05:45:20) [Clang 19.0.1 (https://android.googlesource.com/toolchain/llvm-project 97a699bf4',
            'name': 'CPython',
            'version': '3.12.12',
          }),
          'trace': dict({
            'data': dict({
              'thread.id': '487340552336',
              'thread.name': 'MainThread',
            }),
            'description': None,
            'op': 'task',
            'origin': 'manual',
            'parent_span_id': None,
            'span_id': 'span_id',
            'trace_id': 'trace_id',
          }),
        }),
        'environment': 'development',
        'event_id': 'event_id',
        'extra': dict({
          'sys.argv': list([
            '/data/data/com.termux/files/home/sentry-gha/.venv/bin/pytest',
            '--snapshot-update',
          ]),
        }),
        'measurements': dict({
        }),
        'platform': 'python',
        'release': 'unknown',
        'sdk': dict({
          'integrations': list([
            'argv',
            'atexit',
            'dedupe',
            'excepthook',
            'logging',
            'modules',
            'stdlib',
            'threading',
          ]),
          'name': 'sentry.python',
          'packages': list([
            dict({
              'name': 'pypi:sentry-sdk',
              'version': '2.44.0',
            }),
          ]),
          'version': '2.44.0',
        }),
        'server_name': 'localhost',
        'spans': list([
        ]),
        'start_timestamp': '2025-11-16T06:25:21.831983Z',
        'tags': dict({
          'GITHUB_REF_NAME': None,
        }),
        'timestamp': 'timestamp',
        'transaction': 'test_main.make_subject.<locals>.my_function',
        'transaction_info': dict({
          'source': 'custom',
        }),
        'type': 'transaction',
      }),
    ]),
    list([
      dict({
        'event_id': 'event_id',
        'sent_at': 'sent_at',
        'trace': dict({
          'environment': 'development',
          'public_key': 'u',
          'release': 'unknown',
          'sample_rate': '1.0',
          'trace_id': 'trace_id',
        }),
      }),
      dict({
        'content_type': 'application/json',
        'length': 724,
        'type': 'check_in',
      }),
      dict({
        'check_in_id': 'check_in_id',
        'contexts': dict({
          'trace': dict({
            'parent_span_id': None,
            'span_id': 'span_id',
            'trace_id': 'trace_id',
          }),
        }),
        'duration': 'duration',
        'environment': 'development',
        'event_id': 'event_id',
        'monitor_config': dict({
          'schedule': dict({
            'type': 'crontab',
            'value': '*/5 * * * *',
          }),
        }),
        'monitor_slug': 'sentry_gha-w4',
        'platform': 'python',
        'release': 'unknown',
        'sdk': dict({
          'integrations': list([
            'argv',
            'atexit',
            'dedupe',
            'excepthook',
            'logging',
            'modules',
            'stdlib',
            'threading',
          ]),
          'name': 'sentry.python',
          'packages': list([
            dict({
              'name': 'pypi:sentry-sdk',
              'version': '2.44.0',
            }),
          ]),
          'version': '2.44.0',
        }),
        'server_name': 'localhost',
        'status': 'ok',
        'timestamp': 'timestamp',
        'type': 'check_in',
      }),
    ]),
  ])
# ---
